============================= test session starts =============================
platform win32 -- Python 3.13.1, pytest-9.0.2, pluggy-1.6.0 -- C:\Users\User\AppData\Local\Programs\Python\Python313\python.exe
cachedir: .pytest_cache
rootdir: C:\Users\User\Documents\GitHub\voicebrain1\backend
configfile: pytest.ini
plugins: anyio-3.7.1, asyncio-1.3.0, cov-7.0.0
asyncio: mode=Mode.AUTO, debug=False, asyncio_default_fixture_loop_scope=None, asyncio_default_test_loop_scope=function
collecting ... collected 1 item

backend\tests\test_reflection_steps.py::test_multi_step_reflection_logic FAILED [100%]

================================== FAILURES ===================================
______________________ test_multi_step_reflection_logic _______________________

    @pytest.mark.asyncio
    async def test_multi_step_reflection_logic():
        """Test that reflection runs in 3 distinct steps with correct roles."""
        user_id = "u1"
        db_mock = AsyncMock()
    
        user = User(id=user_id, stable_identity="", volatile_preferences={})
        user_res = MagicMock()
        user_res.scalars.return_value.first.return_value = user
    
        n1 = Note(id="n1", transcription_text="Met John today.", importance_score=8.5, user_id=user_id)
        notes_res = MagicMock()
        notes_res.scalars.return_value.all.return_value = [n1]
    
        # DB calls: count_notes, count_rels, user, notes, commits
        db_mock.execute.side_effect = [
            MagicMock(scalar=lambda: 1), # total notes
            MagicMock(scalar=lambda: 0), # total rels
            user_res,
            notes_res
        ]
    
        mock_ai = AsyncMock()
        mock_ai.get_chat_completion.side_effect = [
            '{"facts_summary": "Met John", "importance_score": 8.0}', # Step 1
            '{"stable_identity": "Friendly", "volatile_preferences": {"mood": "positive"}}', # Step 2
            '[{"note1_id": "n1", "note2_id": "n2", "relation_type": "related", "strength": 0.8}]' # Step 3
        ]
        mock_ai.clean_json_response.side_effect = lambda x: x
        mock_ai.generate_embedding.return_value = [0.1] * 1536
    
        with patch("tasks.reflection.AsyncSessionLocal", return_value=db_mock), \
             patch("tasks.reflection.ai_service", mock_ai):
    
>           await _process_reflection_async(user_id)

backend\tests\test_reflection_steps.py:40: 
_ _ _ _ _ _ _ _ _ _ _ _ _ _ _ _ _ _ _ _ _ _ _ _ _ _ _ _ _ _ _ _ _ _ _ _ _ _ _ _

user_id = 'u1'

    async def _process_reflection_async(user_id: str):
        """
        Refactored Multi-Step Reflection with Composite Importance:
        Step 1: Condensation (Facts only)
        Step 2: Pattern Extraction (Identity/Habits)
        Step 3: Narrative Linking (Graph)
        Final: Importance Calculation & Save
        """
        logger.info(f"Starting multi-step reflection for user {user_id}")
        async with AsyncSessionLocal() as db:
            # Monitoring
            total_notes = (await db.execute(select(func.count(Note.id)))).scalar()
            total_rels = (await db.execute(select(func.count(NoteRelation.id)))).scalar()
>           monitor.update_graph_metrics(total_notes, total_rels)

backend\tasks\reflection.py:49: 
_ _ _ _ _ _ _ _ _ _ _ _ _ _ _ _ _ _ _ _ _ _ _ _ _ _ _ _ _ _ _ _ _ _ _ _ _ _ _ _

nodes = <coroutine object AsyncMockMixin._execute_mock_call at 0x000001E3087BA840>
edges = <coroutine object AsyncMockMixin._execute_mock_call at 0x000001E3087BA940>

    @staticmethod
    def update_graph_metrics(nodes: int, edges: int):
>       memory_graph_nodes.set(nodes)

backend\infrastructure\monitoring.py:27: 
_ _ _ _ _ _ _ _ _ _ _ _ _ _ _ _ _ _ _ _ _ _ _ _ _ _ _ _ _ _ _ _ _ _ _ _ _ _ _ _

self = prometheus_client.metrics.Gauge(memory_graph_nodes)
value = <coroutine object AsyncMockMixin._execute_mock_call at 0x000001E3087BA840>

    def set(self, value: float) -> None:
        """Set gauge to the given value."""
        self._raise_if_not_observable()
        if self._is_most_recent:
            self._value.set(float(value), timestamp=time.time())
        else:
>           self._value.set(float(value))
                            ^^^^^^^^^^^^
E           TypeError: float() argument must be a string or a real number, not 'coroutine'

..\..\..\AppData\Local\Programs\Python\Python313\Lib\site-packages\prometheus_client\metrics.py:415: TypeError
---------------------------- Captured stderr call -----------------------------
2026-01-11 12:51:17.380 | INFO     | tasks.reflection:_process_reflection_async:44 - Starting multi-step reflection for user u1
============================== warnings summary ===============================
..\..\..\AppData\Local\Programs\Python\Python313\Lib\site-packages\starlette\formparsers.py:12
  C:\Users\User\AppData\Local\Programs\Python\Python313\Lib\site-packages\starlette\formparsers.py:12: PendingDeprecationWarning: Please use `import python_multipart` instead.
    import multipart

backend\infrastructure\config.py:5
  C:\Users\User\Documents\GitHub\voicebrain1\backend\infrastructure\config.py:5: PydanticDeprecatedSince20: Support for class-based `config` is deprecated, use ConfigDict instead. Deprecated in Pydantic V2.0 to be removed in V3.0. See Pydantic V2 Migration Guide at https://errors.pydantic.dev/2.12/migration/
    class Settings(BaseSettings):

backend\app\main.py:104
  C:\Users\User\Documents\GitHub\voicebrain1\backend\app\main.py:104: DeprecationWarning: 
          on_event is deprecated, use lifespan event handlers instead.
  
          Read more about it in the
          [FastAPI docs for Lifespan Events](https://fastapi.tiangolo.com/advanced/events/).
          
    @app.on_event("startup")

..\..\..\AppData\Local\Programs\Python\Python313\Lib\site-packages\fastapi\applications.py:4495
..\..\..\AppData\Local\Programs\Python\Python313\Lib\site-packages\fastapi\applications.py:4495
  C:\Users\User\AppData\Local\Programs\Python\Python313\Lib\site-packages\fastapi\applications.py:4495: DeprecationWarning: 
          on_event is deprecated, use lifespan event handlers instead.
  
          Read more about it in the
          [FastAPI docs for Lifespan Events](https://fastapi.tiangolo.com/advanced/events/).
          
    return self.router.on_event(event_type)

backend\app\main.py:124
  C:\Users\User\Documents\GitHub\voicebrain1\backend\app\main.py:124: DeprecationWarning: 
          on_event is deprecated, use lifespan event handlers instead.
  
          Read more about it in the
          [FastAPI docs for Lifespan Events](https://fastapi.tiangolo.com/advanced/events/).
          
    @app.on_event("shutdown")

backend\app\schemas.py:28
  C:\Users\User\Documents\GitHub\voicebrain1\backend\app\schemas.py:28: PydanticDeprecatedSince20: Support for class-based `config` is deprecated, use ConfigDict instead. Deprecated in Pydantic V2.0 to be removed in V3.0. See Pydantic V2 Migration Guide at https://errors.pydantic.dev/2.12/migration/
    class UserResponse(UserBase):

backend\app\schemas.py:78
  C:\Users\User\Documents\GitHub\voicebrain1\backend\app\schemas.py:78: PydanticDeprecatedSince20: Support for class-based `config` is deprecated, use ConfigDict instead. Deprecated in Pydantic V2.0 to be removed in V3.0. See Pydantic V2 Migration Guide at https://errors.pydantic.dev/2.12/migration/
    class NoteResponse(NoteBase):

backend\app\schemas.py:110
  C:\Users\User\Documents\GitHub\voicebrain1\backend\app\schemas.py:110: PydanticDeprecatedSince20: Support for class-based `config` is deprecated, use ConfigDict instead. Deprecated in Pydantic V2.0 to be removed in V3.0. See Pydantic V2 Migration Guide at https://errors.pydantic.dev/2.12/migration/
    class IntegrationResponse(BaseModel):

-- Docs: https://docs.pytest.org/en/stable/how-to/capture-warnings.html
=========================== short test summary info ===========================
FAILED backend\tests\test_reflection_steps.py::test_multi_step_reflection_logic - TypeError: float() argument must be a string or a real number, not 'coroutine'
======================== 1 failed, 9 warnings in 0.61s ========================
